     VMA      LMA     Size Align Out     In      Symbol
       0        0        0     1 _estack = ORIGIN ( RAM ) + LENGTH ( RAM )
 8000000  8000000       40     4 .isr_vector
 8000000  8000000        0     1         . = ALIGN ( 4 )
 8000000  8000000       40     4         Output/startup.o:(.isr_vector)
 8000000  8000000       40     1                 vector_table
 8000040  8000040        0     1         . = ALIGN ( 4 )
 8000040  8000040      180     4 .text
 8000040  8000040        0     1         . = ALIGN ( 4 )
 8000040  8000040        4     4         Output/startup.o:(.text.Default_Handler)
 8000040  8000040        0     1                 $t
 8000041  8000041        4     1                 Default_Handler
 8000041  8000041        4     1                 NMI_Handler
 8000041  8000041        4     1                 HardFault_Handler
 8000041  8000041        4     1                 MemManage_Handler
 8000041  8000041        4     1                 BusFault_Handler
 8000041  8000041        4     1                 UsageFault_Handler
 8000041  8000041        4     1                 SVC_Handler
 8000041  8000041        4     1                 DebugMon_Handler
 8000041  8000041        4     1                 PendSV_Handler
 8000041  8000041        4     1                 SysTick_Handler
 8000044  8000044       6e     4         Output/startup.o:(.text.Reset_Handler)
 8000044  8000044        0     1                 $t
 8000045  8000045       6e     1                 Reset_Handler
 80000b4  80000b4       5a     4         Output/GPIO.o:(.text.GPIO_ConfigOutputPushPull)
 80000b4  80000b4        0     1                 $t
 80000b5  80000b5       5a     1                 GPIO_ConfigOutputPushPull
 8000110  8000110       34     4         Output/GPIO.o:(.text.GPIO_WritePin)
 8000110  8000110        0     1                 $t
 8000111  8000111       34     1                 GPIO_WritePin
 8000144  8000144       12     4         Output/RCC.o:(.text.RCC_EnableGPIOC)
 8000144  8000144        0     1                 $t
 8000145  8000145       12     1                 RCC_EnableGPIOC
 8000158  8000158       4e     4         Output/main.o:(.text.main)
 8000158  8000158        0     1                 $t
 8000159  8000159       4e     1                 main
 80001a8  80001a8       18     4         Output/main.o:(.text.delay)
 80001a8  80001a8        0     1                 $t
 80001a9  80001a9       18     1                 delay
 80001c0  80001c0        0     1         . = ALIGN ( 4 )
 80001c0  80001c0        0     1         _etext = .
20000000 20000000        0     1 .data
20000000 20000000        0     1         . = ALIGN ( 4 )
20000000 20000000        0     1         _sdata = .
20000000 20000000        0     1         . = ALIGN ( 4 )
20000000 20000000        0     1         _edata = .
20000000 20000000        0     1 _sidata = LOADADDR ( .data )
20000000 20000000        0     1 .bss
20000000 20000000        0     1         . = ALIGN ( 4 )
20000000 20000000        0     1         _sbss = .
20000000 20000000        0     1         . = ALIGN ( 4 )
20000000 20000000        0     1         _ebss = .
       0        0       41     1 .ARM.attributes
       0        0       41     1         Output/startup.o:(.ARM.attributes)
       0        0      240     4 .symtab
       0        0      240     4         <internal>:(.symtab)
       0        0       48     1 .shstrtab
       0        0       48     1         <internal>:(.shstrtab)
       0        0      163     1 .strtab
       0        0      163     1         <internal>:(.strtab)
